Gnuplot not found, using plotters backend
Benchmarking fundamental_minimal/7point
Benchmarking fundamental_minimal/7point: Warming up for 500.00 ms
Benchmarking fundamental_minimal/7point: Collecting 20 samples in estimated 1.0001 s (2.0M iterations)
Benchmarking fundamental_minimal/7point: Analyzing
fundamental_minimal/7point
                        time:   [487.06 ns 488.01 ns 489.21 ns]
                        change: [−0.4305% −0.0284% +0.3851%] (p = 0.89 > 0.05)
                        No change in performance detected.
Found 1 outliers among 20 measurements (5.00%)
  1 (5.00%) high mild
Benchmarking fundamental_minimal/8point
Benchmarking fundamental_minimal/8point: Warming up for 500.00 ms
Benchmarking fundamental_minimal/8point: Collecting 20 samples in estimated 1.0000 s (1.0M iterations)
Benchmarking fundamental_minimal/8point: Analyzing
fundamental_minimal/8point
                        time:   [980.79 ns 981.69 ns 982.65 ns]
                        change: [−0.1199% +0.0610% +0.2175%] (p = 0.48 > 0.05)
                        No change in performance detected.
Found 1 outliers among 20 measurements (5.00%)
  1 (5.00%) low mild

Benchmarking fundamental_ransac_fixed_budget/7point/0.2
Benchmarking fundamental_ransac_fixed_budget/7point/0.2: Warming up for 500.00 ms
Benchmarking fundamental_ransac_fixed_budget/7point/0.2: Collecting 20 samples in estimated 1.4397 s (630 iterations)
Benchmarking fundamental_ransac_fixed_budget/7point/0.2: Analyzing
fundamental_ransac_fixed_budget/7point/0.2
                        time:   [2.2685 ms 2.2759 ms 2.2857 ms]
                        change: [−0.6538% −0.1929% +0.2051%] (p = 0.40 > 0.05)
                        No change in performance detected.
Benchmarking fundamental_ransac_fixed_budget/8point/0.2
Benchmarking fundamental_ransac_fixed_budget/8point/0.2: Warming up for 500.00 ms
Benchmarking fundamental_ransac_fixed_budget/8point/0.2: Collecting 20 samples in estimated 1.2539 s (630 iterations)
Benchmarking fundamental_ransac_fixed_budget/8point/0.2: Analyzing
fundamental_ransac_fixed_budget/8point/0.2
                        time:   [1.9718 ms 1.9735 ms 1.9756 ms]
                        change: [−0.2479% −0.1192% +0.0151%] (p = 0.10 > 0.05)
                        No change in performance detected.
Found 2 outliers among 20 measurements (10.00%)
  2 (10.00%) high mild
Benchmarking fundamental_ransac_fixed_budget/7point/0.5
Benchmarking fundamental_ransac_fixed_budget/7point/0.5: Warming up for 500.00 ms
Benchmarking fundamental_ransac_fixed_budget/7point/0.5: Collecting 20 samples in estimated 1.2027 s (630 iterations)
Benchmarking fundamental_ransac_fixed_budget/7point/0.5: Analyzing
fundamental_ransac_fixed_budget/7point/0.5
                        time:   [1.6395 ms 1.6467 ms 1.6573 ms]
                        change: [−0.2724% +0.2223% +0.8808%] (p = 0.51 > 0.05)
                        No change in performance detected.
Found 5 outliers among 20 measurements (25.00%)
  3 (15.00%) low severe
  2 (10.00%) high severe
Benchmarking fundamental_ransac_fixed_budget/8point/0.5
Benchmarking fundamental_ransac_fixed_budget/8point/0.5: Warming up for 500.00 ms
Benchmarking fundamental_ransac_fixed_budget/8point/0.5: Collecting 20 samples in estimated 1.2692 s (630 iterations)
Benchmarking fundamental_ransac_fixed_budget/8point/0.5: Analyzing
fundamental_ransac_fixed_budget/8point/0.5
                        time:   [1.9994 ms 2.0075 ms 2.0173 ms]
                        change: [−0.2207% +0.1158% +0.4991%] (p = 0.55 > 0.05)
                        No change in performance detected.
Found 4 outliers among 20 measurements (20.00%)
  4 (20.00%) high mild
Benchmarking fundamental_ransac_fixed_budget/7point/0.8
Benchmarking fundamental_ransac_fixed_budget/7point/0.8: Warming up for 500.00 ms
Benchmarking fundamental_ransac_fixed_budget/7point/0.8: Collecting 20 samples in estimated 1.0030 s (11k iterations)
Benchmarking fundamental_ransac_fixed_budget/7point/0.8: Analyzing
fundamental_ransac_fixed_budget/7point/0.8
                        time:   [90.505 µs 90.822 µs 91.250 µs]
                        change: [−0.2842% +0.1085% +0.5283%] (p = 0.61 > 0.05)
                        No change in performance detected.
Found 6 outliers among 20 measurements (30.00%)
  1 (5.00%) low severe
  2 (10.00%) low mild
  3 (15.00%) high severe
Benchmarking fundamental_ransac_fixed_budget/8point/0.8
Benchmarking fundamental_ransac_fixed_budget/8point/0.8: Warming up for 500.00 ms
Benchmarking fundamental_ransac_fixed_budget/8point/0.8: Collecting 20 samples in estimated 1.0355 s (6090 iterations)
Benchmarking fundamental_ransac_fixed_budget/8point/0.8: Analyzing
fundamental_ransac_fixed_budget/8point/0.8
                        time:   [168.85 µs 168.97 µs 169.09 µs]
                        change: [−0.3627% −0.1791% +0.0014%] (p = 0.07 > 0.05)
                        No change in performance detected.
Found 1 outliers among 20 measurements (5.00%)
  1 (5.00%) high mild

Benchmarking fundamental_twoview_fixed_budget/7point/0.2
Benchmarking fundamental_twoview_fixed_budget/7point/0.2: Warming up for 500.00 ms
Benchmarking fundamental_twoview_fixed_budget/7point/0.2: Collecting 20 samples in estimated 1.0962 s (420 iterations)
Benchmarking fundamental_twoview_fixed_budget/7point/0.2: Analyzing
fundamental_twoview_fixed_budget/7point/0.2
                        time:   [2.6130 ms 2.6355 ms 2.6520 ms]
                        change: [−0.5153% −0.0127% +0.5263%] (p = 0.97 > 0.05)
                        No change in performance detected.
Found 3 outliers among 20 measurements (15.00%)
  3 (15.00%) high severe
Benchmarking fundamental_twoview_fixed_budget/8point/0.2
Benchmarking fundamental_twoview_fixed_budget/8point/0.2: Warming up for 500.00 ms
Benchmarking fundamental_twoview_fixed_budget/8point/0.2: Collecting 20 samples in estimated 1.1567 s (630 iterations)
Benchmarking fundamental_twoview_fixed_budget/8point/0.2: Analyzing
fundamental_twoview_fixed_budget/8point/0.2
                        time:   [1.8236 ms 1.8253 ms 1.8272 ms]
                        change: [−0.4660% −0.2610% −0.0494%] (p = 0.02 < 0.05)
                        Change within noise threshold.
Found 2 outliers among 20 measurements (10.00%)
  1 (5.00%) high mild
  1 (5.00%) high severe
Benchmarking fundamental_twoview_fixed_budget/7point/0.5
Benchmarking fundamental_twoview_fixed_budget/7point/0.5: Warming up for 500.00 ms
Benchmarking fundamental_twoview_fixed_budget/7point/0.5: Collecting 20 samples in estimated 1.1291 s (630 iterations)
Benchmarking fundamental_twoview_fixed_budget/7point/0.5: Analyzing
fundamental_twoview_fixed_budget/7point/0.5
                        time:   [1.7892 ms 1.8107 ms 1.8266 ms]
                        change: [−0.6816% +0.0486% +0.7455%] (p = 0.89 > 0.05)
                        No change in performance detected.
Found 3 outliers among 20 measurements (15.00%)
  3 (15.00%) high severe
Benchmarking fundamental_twoview_fixed_budget/8point/0.5
Benchmarking fundamental_twoview_fixed_budget/8point/0.5: Warming up for 500.00 ms
Benchmarking fundamental_twoview_fixed_budget/8point/0.5: Collecting 20 samples in estimated 1.2101 s (630 iterations)
Benchmarking fundamental_twoview_fixed_budget/8point/0.5: Analyzing
fundamental_twoview_fixed_budget/8point/0.5
                        time:   [1.9045 ms 1.9087 ms 1.9141 ms]
                        change: [−0.1562% +0.5168% +1.3168%] (p = 0.21 > 0.05)
                        No change in performance detected.
Found 1 outliers among 20 measurements (5.00%)
  1 (5.00%) high severe
Benchmarking fundamental_twoview_fixed_budget/7point/0.8
Benchmarking fundamental_twoview_fixed_budget/7point/0.8: Warming up for 500.00 ms
Benchmarking fundamental_twoview_fixed_budget/7point/0.8: Collecting 20 samples in estimated 1.0128 s (12k iterations)
Benchmarking fundamental_twoview_fixed_budget/7point/0.8: Analyzing
fundamental_twoview_fixed_budget/7point/0.8
                        time:   [84.475 µs 85.874 µs 86.973 µs]
                        change: [−0.4139% +0.8605% +2.2250%] (p = 0.22 > 0.05)
                        No change in performance detected.
Found 2 outliers among 20 measurements (10.00%)
  1 (5.00%) high mild
  1 (5.00%) high severe
Benchmarking fundamental_twoview_fixed_budget/8point/0.8
Benchmarking fundamental_twoview_fixed_budget/8point/0.8: Warming up for 500.00 ms
Benchmarking fundamental_twoview_fixed_budget/8point/0.8: Collecting 20 samples in estimated 1.0068 s (6720 iterations)
Benchmarking fundamental_twoview_fixed_budget/8point/0.8: Analyzing
fundamental_twoview_fixed_budget/8point/0.8
                        time:   [148.80 µs 148.89 µs 148.99 µs]
                        change: [−0.2994% −0.0713% +0.1021%] (p = 0.56 > 0.05)
                        No change in performance detected.
Found 1 outliers among 20 measurements (5.00%)
  1 (5.00%) high mild
