Gnuplot not found, using plotters backend
Benchmarking fundamental_minimal/7point
Benchmarking fundamental_minimal/7point: Warming up for 500.00 ms
Benchmarking fundamental_minimal/7point: Collecting 20 samples in estimated 1.0000 s (1.9M iterations)
Benchmarking fundamental_minimal/7point: Analyzing
fundamental_minimal/7point
                        time:   [485.61 ns 486.34 ns 487.04 ns]
                        change: [−0.5350% −0.2445% +0.0425%] (p = 0.11 > 0.05)
                        No change in performance detected.
Found 1 outliers among 20 measurements (5.00%)
  1 (5.00%) low mild
Benchmarking fundamental_minimal/8point
Benchmarking fundamental_minimal/8point: Warming up for 500.00 ms
Benchmarking fundamental_minimal/8point: Collecting 20 samples in estimated 1.0000 s (1.0M iterations)
Benchmarking fundamental_minimal/8point: Analyzing
fundamental_minimal/8point
                        time:   [981.10 ns 982.88 ns 984.73 ns]
                        change: [−0.8191% +0.0400% +0.6627%] (p = 0.93 > 0.05)
                        No change in performance detected.
Found 2 outliers among 20 measurements (10.00%)
  1 (5.00%) high mild
  1 (5.00%) high severe

Benchmarking fundamental_ransac_fixed_budget/7point/0.2
Benchmarking fundamental_ransac_fixed_budget/7point/0.2: Warming up for 500.00 ms
Benchmarking fundamental_ransac_fixed_budget/7point/0.2: Collecting 20 samples in estimated 1.4235 s (630 iterations)
Benchmarking fundamental_ransac_fixed_budget/7point/0.2: Analyzing
fundamental_ransac_fixed_budget/7point/0.2
                        time:   [2.2564 ms 2.2579 ms 2.2600 ms]
                        change: [−1.2740% −1.0366% −0.7984%] (p = 0.00 < 0.05)
                        Change within noise threshold.
Found 1 outliers among 20 measurements (5.00%)
  1 (5.00%) high severe
Benchmarking fundamental_ransac_fixed_budget/8point/0.2
Benchmarking fundamental_ransac_fixed_budget/8point/0.2: Warming up for 500.00 ms
Benchmarking fundamental_ransac_fixed_budget/8point/0.2: Collecting 20 samples in estimated 1.2472 s (630 iterations)
Benchmarking fundamental_ransac_fixed_budget/8point/0.2: Analyzing
fundamental_ransac_fixed_budget/8point/0.2
                        time:   [1.9976 ms 2.0080 ms 2.0199 ms]
                        change: [+1.6251% +1.9590% +2.2829%] (p = 0.00 < 0.05)
                        Performance has regressed.
Found 6 outliers among 20 measurements (30.00%)
  2 (10.00%) low severe
  2 (10.00%) low mild
  2 (10.00%) high mild
Benchmarking fundamental_ransac_fixed_budget/7point/0.5
Benchmarking fundamental_ransac_fixed_budget/7point/0.5: Warming up for 500.00 ms
Benchmarking fundamental_ransac_fixed_budget/7point/0.5: Collecting 20 samples in estimated 1.0284 s (630 iterations)
Benchmarking fundamental_ransac_fixed_budget/7point/0.5: Analyzing
fundamental_ransac_fixed_budget/7point/0.5
                        time:   [1.6297 ms 1.6360 ms 1.6472 ms]
                        change: [−1.5715% −1.1617% −0.6528%] (p = 0.00 < 0.05)
                        Change within noise threshold.
Found 5 outliers among 20 measurements (25.00%)
  1 (5.00%) low mild
  2 (10.00%) high mild
  2 (10.00%) high severe
Benchmarking fundamental_ransac_fixed_budget/8point/0.5
Benchmarking fundamental_ransac_fixed_budget/8point/0.5: Warming up for 500.00 ms
Benchmarking fundamental_ransac_fixed_budget/8point/0.5: Collecting 20 samples in estimated 1.2731 s (630 iterations)
Benchmarking fundamental_ransac_fixed_budget/8point/0.5: Analyzing
fundamental_ransac_fixed_budget/8point/0.5
                        time:   [2.0179 ms 2.0290 ms 2.0432 ms]
                        change: [+1.3015% +1.6786% +1.9956%] (p = 0.00 < 0.05)
                        Performance has regressed.
Found 5 outliers among 20 measurements (25.00%)
  4 (20.00%) low severe
  1 (5.00%) high severe
Benchmarking fundamental_ransac_fixed_budget/7point/0.8
Benchmarking fundamental_ransac_fixed_budget/7point/0.8: Warming up for 500.00 ms
Benchmarking fundamental_ransac_fixed_budget/7point/0.8: Collecting 20 samples in estimated 1.0007 s (11k iterations)
Benchmarking fundamental_ransac_fixed_budget/7point/0.8: Analyzing
fundamental_ransac_fixed_budget/7point/0.8
                        time:   [89.791 µs 89.916 µs 90.039 µs]
                        change: [−1.5664% −1.3099% −1.0199%] (p = 0.00 < 0.05)
                        Performance has improved.
Found 4 outliers among 20 measurements (20.00%)
  3 (15.00%) low mild
  1 (5.00%) high severe
Benchmarking fundamental_ransac_fixed_budget/8point/0.8
Benchmarking fundamental_ransac_fixed_budget/8point/0.8: Warming up for 500.00 ms
Benchmarking fundamental_ransac_fixed_budget/8point/0.8: Collecting 20 samples in estimated 1.0319 s (6090 iterations)
Benchmarking fundamental_ransac_fixed_budget/8point/0.8: Analyzing
fundamental_ransac_fixed_budget/8point/0.8
                        time:   [170.22 µs 171.07 µs 172.19 µs]
                        change: [+0.8249% +1.2577% +1.6480%] (p = 0.00 < 0.05)
                        Change within noise threshold.
Found 5 outliers among 20 measurements (25.00%)
  4 (20.00%) low severe
  1 (5.00%) high mild

Benchmarking fundamental_twoview_fixed_budget/7point/0.2
Benchmarking fundamental_twoview_fixed_budget/7point/0.2: Warming up for 500.00 ms
Benchmarking fundamental_twoview_fixed_budget/7point/0.2: Collecting 20 samples in estimated 1.0972 s (420 iterations)
Benchmarking fundamental_twoview_fixed_budget/7point/0.2: Analyzing
fundamental_twoview_fixed_budget/7point/0.2
                        time:   [2.6798 ms 2.6876 ms 2.6955 ms]
                        change: [+1.8617% +2.2993% +2.6967%] (p = 0.00 < 0.05)
                        Performance has regressed.
Found 2 outliers among 20 measurements (10.00%)
  1 (5.00%) high mild
  1 (5.00%) high severe
Benchmarking fundamental_twoview_fixed_budget/8point/0.2
Benchmarking fundamental_twoview_fixed_budget/8point/0.2: Warming up for 500.00 ms
Benchmarking fundamental_twoview_fixed_budget/8point/0.2: Collecting 20 samples in estimated 1.1532 s (630 iterations)
Benchmarking fundamental_twoview_fixed_budget/8point/0.2: Analyzing
fundamental_twoview_fixed_budget/8point/0.2
                        time:   [1.8334 ms 1.8391 ms 1.8438 ms]
                        change: [+0.4718% +0.6946% +0.9269%] (p = 0.00 < 0.05)
                        Change within noise threshold.
Found 3 outliers among 20 measurements (15.00%)
  1 (5.00%) low mild
  2 (10.00%) high mild
Benchmarking fundamental_twoview_fixed_budget/7point/0.5
Benchmarking fundamental_twoview_fixed_budget/7point/0.5: Warming up for 500.00 ms
Benchmarking fundamental_twoview_fixed_budget/7point/0.5: Collecting 20 samples in estimated 1.1300 s (630 iterations)
Benchmarking fundamental_twoview_fixed_budget/7point/0.5: Analyzing
fundamental_twoview_fixed_budget/7point/0.5
                        time:   [1.8643 ms 1.8680 ms 1.8715 ms]
                        change: [+3.1286% +3.7582% +4.3182%] (p = 0.00 < 0.05)
                        Performance has regressed.
Found 3 outliers among 20 measurements (15.00%)
  1 (5.00%) low severe
  1 (5.00%) high mild
  1 (5.00%) high severe
Benchmarking fundamental_twoview_fixed_budget/8point/0.5
Benchmarking fundamental_twoview_fixed_budget/8point/0.5: Warming up for 500.00 ms
Benchmarking fundamental_twoview_fixed_budget/8point/0.5: Collecting 20 samples in estimated 1.1996 s (630 iterations)
Benchmarking fundamental_twoview_fixed_budget/8point/0.5: Analyzing
fundamental_twoview_fixed_budget/8point/0.5
                        time:   [1.9053 ms 1.9117 ms 1.9167 ms]
                        change: [+0.5277% +0.7468% +0.9763%] (p = 0.00 < 0.05)
                        Change within noise threshold.
Found 3 outliers among 20 measurements (15.00%)
  3 (15.00%) high mild
Benchmarking fundamental_twoview_fixed_budget/7point/0.8
Benchmarking fundamental_twoview_fixed_budget/7point/0.8: Warming up for 500.00 ms
Benchmarking fundamental_twoview_fixed_budget/7point/0.8: Collecting 20 samples in estimated 1.0123 s (12k iterations)
Benchmarking fundamental_twoview_fixed_budget/7point/0.8: Analyzing
fundamental_twoview_fixed_budget/7point/0.8
                        time:   [88.439 µs 88.595 µs 88.719 µs]
                        change: [+4.0893% +4.8206% +5.4371%] (p = 0.00 < 0.05)
                        Performance has regressed.
Benchmarking fundamental_twoview_fixed_budget/8point/0.8
Benchmarking fundamental_twoview_fixed_budget/8point/0.8: Warming up for 500.00 ms
Benchmarking fundamental_twoview_fixed_budget/8point/0.8: Collecting 20 samples in estimated 1.0318 s (6720 iterations)
Benchmarking fundamental_twoview_fixed_budget/8point/0.8: Analyzing
fundamental_twoview_fixed_budget/8point/0.8
                        time:   [153.20 µs 153.65 µs 154.09 µs]
                        change: [+2.7962% +3.0110% +3.2322%] (p = 0.00 < 0.05)
                        Performance has regressed.
Found 1 outliers among 20 measurements (5.00%)
  1 (5.00%) high mild
