Gnuplot not found, using plotters backend
Benchmarking fundamental_minimal/7point
Benchmarking fundamental_minimal/7point: Warming up for 500.00 ms
Benchmarking fundamental_minimal/7point: Collecting 30 samples in estimated 1.0002 s (1.3M iterations)
Benchmarking fundamental_minimal/7point: Analyzing
fundamental_minimal/7point
                        time:   [761.20 ns 762.41 ns 764.18 ns]
                        change: [+58.897% +59.485% +60.064%] (p = 0.00 < 0.05)
                        Performance has regressed.
Found 1 outliers among 30 measurements (3.33%)
  1 (3.33%) high severe
Benchmarking fundamental_minimal/8point
Benchmarking fundamental_minimal/8point: Warming up for 500.00 ms
Benchmarking fundamental_minimal/8point: Collecting 30 samples in estimated 1.0003 s (1.1M iterations)
Benchmarking fundamental_minimal/8point: Analyzing
fundamental_minimal/8point
                        time:   [947.41 ns 949.26 ns 951.79 ns]
                        change: [+1.2166% +1.5181% +1.8011%] (p = 0.00 < 0.05)
                        Performance has regressed.

Benchmarking fundamental_ransac/7point/0.2
Benchmarking fundamental_ransac/7point/0.2: Warming up for 500.00 ms

Warning: Unable to complete 30 samples in 1.0s. You may wish to increase target time to 1.5s, enable flat sampling, or reduce sample count to 10.
Benchmarking fundamental_ransac/7point/0.2: Collecting 30 samples in estimated 1.4829 s (465 iterations)
Benchmarking fundamental_ransac/7point/0.2: Analyzing
fundamental_ransac/7point/0.2
                        time:   [3.1762 ms 3.1901 ms 3.2046 ms]
                        change: [+38.611% +39.060% +39.480%] (p = 0.00 < 0.05)
                        Performance has regressed.
Found 5 outliers among 30 measurements (16.67%)
  3 (10.00%) low mild
  1 (3.33%) high mild
  1 (3.33%) high severe
Benchmarking fundamental_ransac/8point/0.2
Benchmarking fundamental_ransac/8point/0.2: Warming up for 500.00 ms
Benchmarking fundamental_ransac/8point/0.2: Collecting 30 samples in estimated 1.8145 s (930 iterations)
Benchmarking fundamental_ransac/8point/0.2: Analyzing
fundamental_ransac/8point/0.2
                        time:   [1.9455 ms 1.9469 ms 1.9483 ms]
                        change: [−1.4346% −0.6126% −0.0233%] (p = 0.09 > 0.05)
                        No change in performance detected.
Found 2 outliers among 30 measurements (6.67%)
  1 (3.33%) low severe
  1 (3.33%) high mild
Benchmarking fundamental_ransac/7point/0.5
Benchmarking fundamental_ransac/7point/0.5: Warming up for 500.00 ms

Warning: Unable to complete 30 samples in 1.0s. You may wish to increase target time to 1.2s, enable flat sampling, or reduce sample count to 10.
Benchmarking fundamental_ransac/7point/0.5: Collecting 30 samples in estimated 1.2161 s (465 iterations)
Benchmarking fundamental_ransac/7point/0.5: Analyzing
fundamental_ransac/7point/0.5
                        time:   [2.6158 ms 2.6178 ms 2.6203 ms]
                        change: [+15.219% +39.641% +62.914%] (p = 0.00 < 0.05)
                        Performance has regressed.
Found 2 outliers among 30 measurements (6.67%)
  1 (3.33%) low mild
  1 (3.33%) high severe
Benchmarking fundamental_ransac/8point/0.5
Benchmarking fundamental_ransac/8point/0.5: Warming up for 500.00 ms
Benchmarking fundamental_ransac/8point/0.5: Collecting 30 samples in estimated 1.8385 s (930 iterations)
Benchmarking fundamental_ransac/8point/0.5: Analyzing
fundamental_ransac/8point/0.5
                        time:   [1.9709 ms 1.9745 ms 1.9797 ms]
                        change: [−0.6240% −0.1070% +0.2625%] (p = 0.71 > 0.05)
                        No change in performance detected.
Found 3 outliers among 30 measurements (10.00%)
  2 (6.67%) high mild
  1 (3.33%) high severe
Benchmarking fundamental_ransac/7point/0.8
Benchmarking fundamental_ransac/7point/0.8: Warming up for 500.00 ms
Benchmarking fundamental_ransac/7point/0.8: Collecting 30 samples in estimated 1.0348 s (9765 iterations)
Benchmarking fundamental_ransac/7point/0.8: Analyzing
fundamental_ransac/7point/0.8
                        time:   [105.70 µs 105.78 µs 105.88 µs]
                        change: [+112.49% +112.99% +113.48%] (p = 0.00 < 0.05)
                        Performance has regressed.
Benchmarking fundamental_ransac/8point/0.8
Benchmarking fundamental_ransac/8point/0.8: Warming up for 500.00 ms
Benchmarking fundamental_ransac/8point/0.8: Collecting 30 samples in estimated 1.0111 s (12k iterations)
Benchmarking fundamental_ransac/8point/0.8: Analyzing
fundamental_ransac/8point/0.8
                        time:   [83.515 µs 83.608 µs 83.706 µs]
                        change: [−1.7128% −0.6139% +0.0779%] (p = 0.25 > 0.05)
                        No change in performance detected.
Found 2 outliers among 30 measurements (6.67%)
  1 (3.33%) low mild
  1 (3.33%) high mild
