Gnuplot not found, using plotters backend
Benchmarking fundamental_minimal/7point
Benchmarking fundamental_minimal/7point: Warming up for 500.00 ms
Benchmarking fundamental_minimal/7point: Collecting 30 samples in estimated 1.0004 s (1.3M iterations)
Benchmarking fundamental_minimal/7point: Analyzing
fundamental_minimal/7point
                        time:   [760.68 ns 761.30 ns 761.90 ns]
                        change: [+54.581% +55.430% +56.292%] (p = 0.00 < 0.05)
                        Performance has regressed.
Found 2 outliers among 30 measurements (6.67%)
  1 (3.33%) low mild
  1 (3.33%) high severe
Benchmarking fundamental_minimal/8point
Benchmarking fundamental_minimal/8point: Warming up for 500.00 ms
Benchmarking fundamental_minimal/8point: Collecting 30 samples in estimated 1.0001 s (1.0M iterations)
Benchmarking fundamental_minimal/8point: Analyzing
fundamental_minimal/8point
                        time:   [959.24 ns 960.94 ns 963.09 ns]
                        change: [−0.1313% +0.1945% +0.4842%] (p = 0.23 > 0.05)
                        No change in performance detected.
Found 1 outliers among 30 measurements (3.33%)
  1 (3.33%) high mild

Benchmarking fundamental_ransac/7point/0.2
Benchmarking fundamental_ransac/7point/0.2: Warming up for 500.00 ms

Warning: Unable to complete 30 samples in 1.0s. You may wish to increase target time to 1.4s, enable flat sampling, or reduce sample count to 10.
Benchmarking fundamental_ransac/7point/0.2: Collecting 30 samples in estimated 1.4424 s (465 iterations)
Benchmarking fundamental_ransac/7point/0.2: Analyzing
fundamental_ransac/7point/0.2
                        time:   [3.0664 ms 3.0696 ms 3.0731 ms]
                        change: [+32.370% +33.151% +33.661%] (p = 0.00 < 0.05)
                        Performance has regressed.
Found 1 outliers among 30 measurements (3.33%)
  1 (3.33%) low mild
Benchmarking fundamental_ransac/8point/0.2
Benchmarking fundamental_ransac/8point/0.2: Warming up for 500.00 ms
Benchmarking fundamental_ransac/8point/0.2: Collecting 30 samples in estimated 1.8263 s (930 iterations)
Benchmarking fundamental_ransac/8point/0.2: Analyzing
fundamental_ransac/8point/0.2
                        time:   [1.9504 ms 1.9518 ms 1.9533 ms]
                        change: [−9.0436% −5.7812% −2.6396%] (p = 0.00 < 0.05)
                        Performance has improved.
Found 3 outliers among 30 measurements (10.00%)
  2 (6.67%) high mild
  1 (3.33%) high severe
Benchmarking fundamental_ransac/7point/0.5
Benchmarking fundamental_ransac/7point/0.5: Warming up for 500.00 ms

Warning: Unable to complete 30 samples in 1.0s. You may wish to increase target time to 1.2s, enable flat sampling, or reduce sample count to 10.
Benchmarking fundamental_ransac/7point/0.5: Collecting 30 samples in estimated 1.2213 s (465 iterations)
Benchmarking fundamental_ransac/7point/0.5: Analyzing
fundamental_ransac/7point/0.5
                        time:   [2.6125 ms 2.6149 ms 2.6174 ms]
                        change: [+8.7120% +35.010% +60.642%] (p = 0.00 < 0.05)
                        Performance has regressed.
Benchmarking fundamental_ransac/8point/0.5
Benchmarking fundamental_ransac/8point/0.5: Warming up for 500.00 ms
Benchmarking fundamental_ransac/8point/0.5: Collecting 30 samples in estimated 1.8582 s (930 iterations)
Benchmarking fundamental_ransac/8point/0.5: Analyzing
fundamental_ransac/8point/0.5
                        time:   [1.9755 ms 1.9782 ms 1.9812 ms]
                        change: [−0.6528% −0.2355% +0.1187%] (p = 0.26 > 0.05)
                        No change in performance detected.
Found 1 outliers among 30 measurements (3.33%)
  1 (3.33%) low mild
Benchmarking fundamental_ransac/7point/0.8
Benchmarking fundamental_ransac/7point/0.8: Warming up for 500.00 ms
Benchmarking fundamental_ransac/7point/0.8: Collecting 30 samples in estimated 1.0374 s (9765 iterations)
Benchmarking fundamental_ransac/7point/0.8: Analyzing
fundamental_ransac/7point/0.8
                        time:   [106.73 µs 124.24 µs 156.54 µs]
                        change: [+114.44% +128.59% +154.46%] (p = 0.00 < 0.05)
                        Performance has regressed.
Found 5 outliers among 30 measurements (16.67%)
  2 (6.67%) high mild
  3 (10.00%) high severe
Benchmarking fundamental_ransac/8point/0.8
Benchmarking fundamental_ransac/8point/0.8: Warming up for 500.00 ms
Benchmarking fundamental_ransac/8point/0.8: Collecting 30 samples in estimated 1.0278 s (9765 iterations)
Benchmarking fundamental_ransac/8point/0.8: Analyzing
fundamental_ransac/8point/0.8
                        time:   [83.953 µs 84.495 µs 85.467 µs]
                        change: [+3.9661% +10.833% +19.033%] (p = 0.00 < 0.05)
                        Performance has regressed.
