Gnuplot not found, using plotters backend
Benchmarking fundamental_minimal/7point
Benchmarking fundamental_minimal/7point: Warming up for 500.00 ms
Benchmarking fundamental_minimal/7point: Collecting 30 samples in estimated 1.0000 s (1.9M iterations)
Benchmarking fundamental_minimal/7point: Analyzing
fundamental_minimal/7point
                        time:   [487.32 ns 487.97 ns 488.51 ns]
                        change: [−36.313% −36.130% −35.978%] (p = 0.00 < 0.05)
                        Performance has improved.
Benchmarking fundamental_minimal/8point
Benchmarking fundamental_minimal/8point: Warming up for 500.00 ms
Benchmarking fundamental_minimal/8point: Collecting 30 samples in estimated 1.0003 s (1.1M iterations)
Benchmarking fundamental_minimal/8point: Analyzing
fundamental_minimal/8point
                        time:   [961.01 ns 969.48 ns 978.32 ns]
                        change: [+0.8403% +1.2644% +1.7931%] (p = 0.00 < 0.05)
                        Change within noise threshold.
Found 3 outliers among 30 measurements (10.00%)
  3 (10.00%) high severe

Benchmarking fundamental_ransac/7point/0.2
Benchmarking fundamental_ransac/7point/0.2: Warming up for 500.00 ms

Warning: Unable to complete 30 samples in 1.0s. You may wish to increase target time to 1.1s, enable flat sampling, or reduce sample count to 20.
Benchmarking fundamental_ransac/7point/0.2: Collecting 30 samples in estimated 1.0765 s (465 iterations)
Benchmarking fundamental_ransac/7point/0.2: Analyzing
fundamental_ransac/7point/0.2
                        time:   [2.3045 ms 2.3069 ms 2.3099 ms]
                        change: [−28.008% −27.773% −27.536%] (p = 0.00 < 0.05)
                        Performance has improved.
Found 4 outliers among 30 measurements (13.33%)
  1 (3.33%) low mild
  2 (6.67%) high mild
  1 (3.33%) high severe
Benchmarking fundamental_ransac/8point/0.2
Benchmarking fundamental_ransac/8point/0.2: Warming up for 500.00 ms
Benchmarking fundamental_ransac/8point/0.2: Collecting 30 samples in estimated 1.8195 s (930 iterations)
Benchmarking fundamental_ransac/8point/0.2: Analyzing
fundamental_ransac/8point/0.2
                        time:   [1.9536 ms 1.9569 ms 1.9612 ms]
                        change: [+0.3630% +0.5152% +0.6756%] (p = 0.00 < 0.05)
                        Change within noise threshold.
Found 3 outliers among 30 measurements (10.00%)
  1 (3.33%) low mild
  1 (3.33%) high mild
  1 (3.33%) high severe
Benchmarking fundamental_ransac/7point/0.5
Benchmarking fundamental_ransac/7point/0.5: Warming up for 500.00 ms
Benchmarking fundamental_ransac/7point/0.5: Collecting 30 samples in estimated 1.3223 s (930 iterations)
Benchmarking fundamental_ransac/7point/0.5: Analyzing
fundamental_ransac/7point/0.5
                        time:   [1.4113 ms 1.4128 ms 1.4145 ms]
                        change: [−46.066% −45.945% −45.833%] (p = 0.00 < 0.05)
                        Performance has improved.
Found 2 outliers among 30 measurements (6.67%)
  2 (6.67%) high mild
Benchmarking fundamental_ransac/8point/0.5
Benchmarking fundamental_ransac/8point/0.5: Warming up for 500.00 ms
Benchmarking fundamental_ransac/8point/0.5: Collecting 30 samples in estimated 1.8466 s (930 iterations)
Benchmarking fundamental_ransac/8point/0.5: Analyzing
fundamental_ransac/8point/0.5
                        time:   [1.9716 ms 1.9766 ms 1.9821 ms]
                        change: [−0.0594% +0.1693% +0.4125%] (p = 0.17 > 0.05)
                        No change in performance detected.
Found 3 outliers among 30 measurements (10.00%)
  2 (6.67%) high mild
  1 (3.33%) high severe
Benchmarking fundamental_ransac/7point/0.8
Benchmarking fundamental_ransac/7point/0.8: Warming up for 500.00 ms
Benchmarking fundamental_ransac/7point/0.8: Collecting 30 samples in estimated 1.0169 s (20k iterations)
Benchmarking fundamental_ransac/7point/0.8: Analyzing
fundamental_ransac/7point/0.8
                        time:   [49.452 µs 49.510 µs 49.586 µs]
                        change: [−53.328% −53.232% −53.127%] (p = 0.00 < 0.05)
                        Performance has improved.
Found 2 outliers among 30 measurements (6.67%)
  2 (6.67%) high severe
Benchmarking fundamental_ransac/8point/0.8
Benchmarking fundamental_ransac/8point/0.8: Warming up for 500.00 ms
Benchmarking fundamental_ransac/8point/0.8: Collecting 30 samples in estimated 1.0140 s (9765 iterations)
Benchmarking fundamental_ransac/8point/0.8: Analyzing
fundamental_ransac/8point/0.8
                        time:   [96.352 µs 102.60 µs 112.75 µs]
                        change: [+23.385% +52.839% +95.338%] (p = 0.00 < 0.05)
                        Performance has regressed.
Found 4 outliers among 30 measurements (13.33%)
  4 (13.33%) high severe
