Gnuplot not found, using plotters backend
Benchmarking fundamental_minimal/7point
Benchmarking fundamental_minimal/7point: Warming up for 500.00 ms
Benchmarking fundamental_minimal/7point: Collecting 30 samples in estimated 1.0000 s (2.0M iterations)
Benchmarking fundamental_minimal/7point: Analyzing
fundamental_minimal/7point
                        time:   [486.98 ns 489.33 ns 493.31 ns]
                        change: [−37.067% −36.804% −36.492%] (p = 0.00 < 0.05)
                        Performance has improved.
Found 4 outliers among 30 measurements (13.33%)
  1 (3.33%) high mild
  3 (10.00%) high severe
Benchmarking fundamental_minimal/8point
Benchmarking fundamental_minimal/8point: Warming up for 500.00 ms
Benchmarking fundamental_minimal/8point: Collecting 30 samples in estimated 1.0001 s (1.0M iterations)
Benchmarking fundamental_minimal/8point: Analyzing
fundamental_minimal/8point
                        time:   [959.60 ns 960.27 ns 960.98 ns]
                        change: [+0.6452% +1.1788% +1.8242%] (p = 0.00 < 0.05)
                        Change within noise threshold.
Found 3 outliers among 30 measurements (10.00%)
  3 (10.00%) high severe

Benchmarking fundamental_ransac/7point/0.2
Benchmarking fundamental_ransac/7point/0.2: Warming up for 500.00 ms

Warning: Unable to complete 30 samples in 1.0s. You may wish to increase target time to 1.1s, enable flat sampling, or reduce sample count to 20.
Benchmarking fundamental_ransac/7point/0.2: Collecting 30 samples in estimated 1.0780 s (465 iterations)
Benchmarking fundamental_ransac/7point/0.2: Analyzing
fundamental_ransac/7point/0.2
                        time:   [2.2932 ms 2.2986 ms 2.3059 ms]
                        change: [−25.530% −25.357% −25.170%] (p = 0.00 < 0.05)
                        Performance has improved.
Found 4 outliers among 30 measurements (13.33%)
  3 (10.00%) high mild
  1 (3.33%) high severe
Benchmarking fundamental_ransac/8point/0.2
Benchmarking fundamental_ransac/8point/0.2: Warming up for 500.00 ms
Benchmarking fundamental_ransac/8point/0.2: Collecting 30 samples in estimated 1.8432 s (930 iterations)
Benchmarking fundamental_ransac/8point/0.2: Analyzing
fundamental_ransac/8point/0.2
                        time:   [1.9479 ms 1.9499 ms 1.9522 ms]
                        change: [+0.1582% +0.3526% +0.5813%] (p = 0.00 < 0.05)
                        Change within noise threshold.
Found 5 outliers among 30 measurements (16.67%)
  1 (3.33%) low severe
  2 (6.67%) high mild
  2 (6.67%) high severe
Benchmarking fundamental_ransac/7point/0.5
Benchmarking fundamental_ransac/7point/0.5: Warming up for 500.00 ms
Benchmarking fundamental_ransac/7point/0.5: Collecting 30 samples in estimated 1.3264 s (930 iterations)
Benchmarking fundamental_ransac/7point/0.5: Analyzing
fundamental_ransac/7point/0.5
                        time:   [1.4087 ms 1.4103 ms 1.4116 ms]
                        change: [−46.419% −46.318% −46.216%] (p = 0.00 < 0.05)
                        Performance has improved.
Found 4 outliers among 30 measurements (13.33%)
  1 (3.33%) low mild
  2 (6.67%) high mild
  1 (3.33%) high severe
Benchmarking fundamental_ransac/8point/0.5
Benchmarking fundamental_ransac/8point/0.5: Warming up for 500.00 ms
Benchmarking fundamental_ransac/8point/0.5: Collecting 30 samples in estimated 1.8464 s (930 iterations)
Benchmarking fundamental_ransac/8point/0.5: Analyzing
fundamental_ransac/8point/0.5
                        time:   [1.9672 ms 1.9686 ms 1.9698 ms]
                        change: [−0.0474% +0.0469% +0.1517%] (p = 0.37 > 0.05)
                        No change in performance detected.
Benchmarking fundamental_ransac/7point/0.8
Benchmarking fundamental_ransac/7point/0.8: Warming up for 500.00 ms
Benchmarking fundamental_ransac/7point/0.8: Collecting 30 samples in estimated 1.0220 s (20k iterations)
Benchmarking fundamental_ransac/7point/0.8: Analyzing
fundamental_ransac/7point/0.8
                        time:   [49.388 µs 49.441 µs 49.505 µs]
                        change: [−53.532% −53.389% −53.253%] (p = 0.00 < 0.05)
                        Performance has improved.
Found 7 outliers among 30 measurements (23.33%)
  1 (3.33%) low mild
  4 (13.33%) high mild
  2 (6.67%) high severe
Benchmarking fundamental_ransac/8point/0.8
Benchmarking fundamental_ransac/8point/0.8: Warming up for 500.00 ms
Benchmarking fundamental_ransac/8point/0.8: Collecting 30 samples in estimated 1.0174 s (12k iterations)
Benchmarking fundamental_ransac/8point/0.8: Analyzing
fundamental_ransac/8point/0.8
                        time:   [83.576 µs 83.635 µs 83.693 µs]
                        change: [−0.3512% −0.0848% +0.1330%] (p = 0.54 > 0.05)
                        No change in performance detected.
