Gnuplot not found, using plotters backend
Benchmarking fundamental_minimal/7point
Benchmarking fundamental_minimal/7point: Warming up for 500.00 ms
Benchmarking fundamental_minimal/7point: Collecting 30 samples in estimated 1.0000 s (1.3M iterations)
Benchmarking fundamental_minimal/7point: Analyzing
fundamental_minimal/7point
                        time:   [774.20 ns 774.92 ns 775.81 ns]
                        change: [+1.1257% +1.5090% +1.7638%] (p = 0.00 < 0.05)
                        Performance has regressed.
Found 2 outliers among 30 measurements (6.67%)
  1 (3.33%) low mild
  1 (3.33%) high mild
Benchmarking fundamental_minimal/8point
Benchmarking fundamental_minimal/8point: Warming up for 500.00 ms
Benchmarking fundamental_minimal/8point: Collecting 30 samples in estimated 1.0002 s (1.1M iterations)
Benchmarking fundamental_minimal/8point: Analyzing
fundamental_minimal/8point
                        time:   [947.71 ns 949.06 ns 951.06 ns]
                        change: [−1.4402% −1.0863% −0.7407%] (p = 0.00 < 0.05)
                        Change within noise threshold.

Benchmarking fundamental_ransac/7point/0.2
Benchmarking fundamental_ransac/7point/0.2: Warming up for 500.00 ms

Warning: Unable to complete 30 samples in 1.0s. You may wish to increase target time to 1.4s, enable flat sampling, or reduce sample count to 10.
Benchmarking fundamental_ransac/7point/0.2: Collecting 30 samples in estimated 1.4417 s (465 iterations)
Benchmarking fundamental_ransac/7point/0.2: Analyzing
fundamental_ransac/7point/0.2
                        time:   [3.0745 ms 3.0777 ms 3.0807 ms]
                        change: [+0.1520% +0.2944% +0.4554%] (p = 0.00 < 0.05)
                        Change within noise threshold.
Found 1 outliers among 30 measurements (3.33%)
  1 (3.33%) high mild
Benchmarking fundamental_ransac/8point/0.2
Benchmarking fundamental_ransac/8point/0.2: Warming up for 500.00 ms
Benchmarking fundamental_ransac/8point/0.2: Collecting 30 samples in estimated 1.8107 s (930 iterations)
Benchmarking fundamental_ransac/8point/0.2: Analyzing
fundamental_ransac/8point/0.2
                        time:   [1.9425 ms 1.9450 ms 1.9478 ms]
                        change: [−0.6314% −0.4617% −0.3040%] (p = 0.00 < 0.05)
                        Change within noise threshold.
Found 2 outliers among 30 measurements (6.67%)
  1 (3.33%) low mild
  1 (3.33%) high severe
Benchmarking fundamental_ransac/7point/0.5
Benchmarking fundamental_ransac/7point/0.5: Warming up for 500.00 ms

Warning: Unable to complete 30 samples in 1.0s. You may wish to increase target time to 1.5s, enable flat sampling, or reduce sample count to 10.
Benchmarking fundamental_ransac/7point/0.5: Collecting 30 samples in estimated 1.5323 s (465 iterations)
Benchmarking fundamental_ransac/7point/0.5: Analyzing
fundamental_ransac/7point/0.5
                        time:   [2.6277 ms 2.6315 ms 2.6349 ms]
                        change: [+0.3443% +0.5009% +0.6670%] (p = 0.00 < 0.05)
                        Change within noise threshold.
Found 1 outliers among 30 measurements (3.33%)
  1 (3.33%) high mild
Benchmarking fundamental_ransac/8point/0.5
Benchmarking fundamental_ransac/8point/0.5: Warming up for 500.00 ms
Benchmarking fundamental_ransac/8point/0.5: Collecting 30 samples in estimated 1.8446 s (930 iterations)
Benchmarking fundamental_ransac/8point/0.5: Analyzing
fundamental_ransac/8point/0.5
                        time:   [1.9646 ms 1.9658 ms 1.9670 ms]
                        change: [−0.7349% −0.5691% −0.4014%] (p = 0.00 < 0.05)
                        Change within noise threshold.
Found 1 outliers among 30 measurements (3.33%)
  1 (3.33%) low mild
Benchmarking fundamental_ransac/7point/0.8
Benchmarking fundamental_ransac/7point/0.8: Warming up for 500.00 ms
Benchmarking fundamental_ransac/7point/0.8: Collecting 30 samples in estimated 1.0490 s (9765 iterations)
Benchmarking fundamental_ransac/7point/0.8: Analyzing
fundamental_ransac/7point/0.8
                        time:   [106.02 µs 106.22 µs 106.50 µs]
                        change: [−15.878% −6.0227% +0.2623%] (p = 0.29 > 0.05)
                        No change in performance detected.
Found 4 outliers among 30 measurements (13.33%)
  1 (3.33%) low mild
  1 (3.33%) high mild
  2 (6.67%) high severe
Benchmarking fundamental_ransac/8point/0.8
Benchmarking fundamental_ransac/8point/0.8: Warming up for 500.00 ms
Benchmarking fundamental_ransac/8point/0.8: Collecting 30 samples in estimated 1.0185 s (12k iterations)
Benchmarking fundamental_ransac/8point/0.8: Analyzing
fundamental_ransac/8point/0.8
                        time:   [83.550 µs 83.664 µs 83.840 µs]
                        change: [−15.646% −10.365% −4.9957%] (p = 0.00 < 0.05)
                        Performance has improved.
Found 2 outliers among 30 measurements (6.67%)
  1 (3.33%) high mild
  1 (3.33%) high severe
