   Compiling kornia-3d v0.2.0 (/Users/oldufo/dev/kornia-rs/crates/kornia-3d)
    Finished `bench` profile [optimized] target(s) in 33.05s
     Running benches/bench_fundamental.rs (/tmp/ransac-compare.ADVJWx/target/release/deps/bench_fundamental-be6f869d2a28f470)
Gnuplot not found, using plotters backend
Benchmarking fundamental_minimal/7point
Benchmarking fundamental_minimal/7point: Analyzing
fundamental_minimal/7point
                        time:   [811.75 ns 814.16 ns 823.79 ns]
Benchmarking fundamental_minimal/8point
Benchmarking fundamental_minimal/8point: Analyzing
fundamental_minimal/8point
                        time:   [1.1787 µs 1.2079 µs 1.2152 µs]

Benchmarking fundamental_ransac/7point/0.2
Benchmarking fundamental_ransac/7point/0.2: Analyzing
fundamental_ransac/7point/0.2
                        time:   [4.1607 ms 4.2071 ms 4.3926 ms]
Benchmarking fundamental_ransac/8point/0.2
Benchmarking fundamental_ransac/8point/0.2: Analyzing
fundamental_ransac/8point/0.2
                        time:   [2.2610 ms 2.2623 ms 2.2672 ms]
Benchmarking fundamental_ransac/7point/0.5
Benchmarking fundamental_ransac/7point/0.5: Analyzing
fundamental_ransac/7point/0.5
                        time:   [3.3640 ms 3.3826 ms 3.4570 ms]
Benchmarking fundamental_ransac/8point/0.5
Benchmarking fundamental_ransac/8point/0.5: Analyzing
fundamental_ransac/8point/0.5
                        time:   [2.1009 ms 2.1234 ms 2.2132 ms]
Benchmarking fundamental_ransac/7point/0.8
Benchmarking fundamental_ransac/7point/0.8: Analyzing
fundamental_ransac/7point/0.8
                        time:   [132.10 µs 133.30 µs 138.13 µs]
Benchmarking fundamental_ransac/8point/0.8
Benchmarking fundamental_ransac/8point/0.8: Analyzing
fundamental_ransac/8point/0.8
                        time:   [108.88 µs 109.57 µs 112.34 µs]
